#-----------------------------------------------------------
# Vivado v2018.2 (64-bit)
# SW Build 2258646 on Thu Jun 14 20:02:38 MDT 2018
# IP Build 2256618 on Thu Jun 14 22:10:49 MDT 2018
# Start of session at: Sun Sep 13 14:05:24 2026
# Process ID: 11010
# Current directory: /home/hash/Projects/Config_Baud_UART_Tranciever
# Command line: vivado -mode batch -source build.tcl
# Log file: /home/hash/Projects/Config_Baud_UART_Tranciever/vivado.log
# Journal file: /home/hash/Projects/Config_Baud_UART_Tranciever/vivado.jou
#-----------------------------------------------------------
source build.tcl
# create_project -in_memory -part xc7a35tcpg236-1 
# set SRC_DIR "."
# read_verilog -sv [list \
#     "${SRC_DIR}/async_fifo.sv" \
#     "${SRC_DIR}/baud_rate_gen.sv" \
#     "${SRC_DIR}/uart_tx.sv" \
#     "${SRC_DIR}/uart_rx.sv" \
#     "${SRC_DIR}/uart_tranciever_top.sv" \
# ]
# read_xdc [list "${SRC_DIR}/constraints.xdc"]
# set_property top uart_transceiver_top [current_fileset]
# synth_design -top uart_transceiver_top -part xc7a35tcpg236-1
Command: synth_design -top uart_transceiver_top -part xc7a35tcpg236-1
Starting synth_design
Attempting to get a license for feature 'Synthesis' and/or device 'xc7a35t'
INFO: [Common 17-349] Got license for feature 'Synthesis' and/or device 'xc7a35t'
INFO: Launching helper process for spawning children vivado processes
INFO: Helper process launched with PID 11016 
---------------------------------------------------------------------------------
Starting RTL Elaboration : Time (s): cpu = 00:00:03 ; elapsed = 00:00:04 . Memory (MB): peak = 1490.375 ; gain = 85.875 ; free physical = 532 ; free virtual = 8008
---------------------------------------------------------------------------------
INFO: [Synth 8-6157] synthesizing module 'uart_transceiver_top' [/home/hash/Projects/Config_Baud_UART_Tranciever/uart_tranciever_top.sv:1]
	Parameter DATA_WIDTH bound to: 8 - type: integer 
	Parameter FIFO_DEPTH bound to: 4 - type: integer 
INFO: [Synth 8-6157] synthesizing module 'baud_rate_gen' [/home/hash/Projects/Config_Baud_UART_Tranciever/baud_rate_gen.sv:1]
INFO: [Synth 8-6155] done synthesizing module 'baud_rate_gen' (1#1) [/home/hash/Projects/Config_Baud_UART_Tranciever/baud_rate_gen.sv:1]
INFO: [Synth 8-6157] synthesizing module 'async_fifo' [/home/hash/Projects/Config_Baud_UART_Tranciever/async_fifo.sv:1]
	Parameter DATA_WIDTH bound to: 8 - type: integer 
	Parameter ADDR_WIDTH bound to: 4 - type: integer 
	Parameter DEPTH bound to: 16 - type: integer 
WARNING: [Synth 8-5788] Register mem_reg in module async_fifo is has both Set and reset with same priority. This may cause simulation mismatches. Consider rewriting code 
WARNING: [Synth 8-4767] Trying to implement RAM 'mem_reg' in registers. Block RAM or DRAM implementation is not possible; see log for reasons.
Reason is one or more of the following :
	1: RAM is sensitive to asynchronous reset signal. this RTL style is not supported. 
RAM "mem_reg" dissolved into registers
INFO: [Synth 8-6155] done synthesizing module 'async_fifo' (2#1) [/home/hash/Projects/Config_Baud_UART_Tranciever/async_fifo.sv:1]
INFO: [Synth 8-6157] synthesizing module 'uart_tx' [/home/hash/Projects/Config_Baud_UART_Tranciever/uart_tx.sv:1]
INFO: [Synth 8-6155] done synthesizing module 'uart_tx' (3#1) [/home/hash/Projects/Config_Baud_UART_Tranciever/uart_tx.sv:1]
INFO: [Synth 8-6157] synthesizing module 'uart_rx' [/home/hash/Projects/Config_Baud_UART_Tranciever/uart_rx.sv:1]
INFO: [Synth 8-226] default block is never used [/home/hash/Projects/Config_Baud_UART_Tranciever/uart_rx.sv:58]
INFO: [Synth 8-6155] done synthesizing module 'uart_rx' (4#1) [/home/hash/Projects/Config_Baud_UART_Tranciever/uart_rx.sv:1]
INFO: [Synth 8-6155] done synthesizing module 'uart_transceiver_top' (5#1) [/home/hash/Projects/Config_Baud_UART_Tranciever/uart_tranciever_top.sv:1]
---------------------------------------------------------------------------------
Finished RTL Elaboration : Time (s): cpu = 00:00:04 ; elapsed = 00:00:06 . Memory (MB): peak = 1535.000 ; gain = 130.500 ; free physical = 549 ; free virtual = 8035
---------------------------------------------------------------------------------

Report Check Netlist: 
+------+------------------+-------+---------+-------+------------------+
|      |Item              |Errors |Warnings |Status |Description       |
+------+------------------+-------+---------+-------+------------------+
|1     |multi_driven_nets |      0|        0|Passed |Multi driven nets |
+------+------------------+-------+---------+-------+------------------+
---------------------------------------------------------------------------------
Start Handling Custom Attributes
---------------------------------------------------------------------------------
---------------------------------------------------------------------------------
Finished Handling Custom Attributes : Time (s): cpu = 00:00:05 ; elapsed = 00:00:07 . Memory (MB): peak = 1535.000 ; gain = 130.500 ; free physical = 544 ; free virtual = 8030
---------------------------------------------------------------------------------
---------------------------------------------------------------------------------
Finished RTL Optimization Phase 1 : Time (s): cpu = 00:00:05 ; elapsed = 00:00:07 . Memory (MB): peak = 1535.000 ; gain = 130.500 ; free physical = 544 ; free virtual = 8030
---------------------------------------------------------------------------------
INFO: [Device 21-403] Loading part xc7a35tcpg236-1
INFO: [Project 1-570] Preparing netlist for logic optimization

Processing XDC Constraints
Initializing timing engine
Parsing XDC File [/home/hash/Projects/Config_Baud_UART_Tranciever/constraints.xdc]
Finished Parsing XDC File [/home/hash/Projects/Config_Baud_UART_Tranciever/constraints.xdc]
Completed Processing XDC Constraints

INFO: [Project 1-111] Unisim Transformation Summary:
No Unisim elements were transformed.

Constraint Validation Runtime : Time (s): cpu = 00:00:00.01 ; elapsed = 00:00:00.01 . Memory (MB): peak = 1892.406 ; gain = 0.000 ; free physical = 185 ; free virtual = 7756
---------------------------------------------------------------------------------
Finished Constraint Validation : Time (s): cpu = 00:00:16 ; elapsed = 00:00:38 . Memory (MB): peak = 1892.406 ; gain = 487.906 ; free physical = 170 ; free virtual = 7818
---------------------------------------------------------------------------------
---------------------------------------------------------------------------------
Start Loading Part and Timing Information
---------------------------------------------------------------------------------
Loading part: xc7a35tcpg236-1
---------------------------------------------------------------------------------
Finished Loading Part and Timing Information : Time (s): cpu = 00:00:16 ; elapsed = 00:00:38 . Memory (MB): peak = 1892.406 ; gain = 487.906 ; free physical = 170 ; free virtual = 7818
---------------------------------------------------------------------------------
---------------------------------------------------------------------------------
Start Applying 'set_property' XDC Constraints
---------------------------------------------------------------------------------
---------------------------------------------------------------------------------
Finished applying 'set_property' XDC Constraints : Time (s): cpu = 00:00:16 ; elapsed = 00:00:38 . Memory (MB): peak = 1892.406 ; gain = 487.906 ; free physical = 170 ; free virtual = 7818
---------------------------------------------------------------------------------
INFO: [Synth 8-802] inferred FSM for state register 'state_reg' in module 'uart_tx'
INFO: [Synth 8-5544] ROM "state" won't be mapped to Block RAM because address size (4) smaller than threshold (5)
INFO: [Synth 8-5544] ROM "state" won't be mapped to Block RAM because address size (3) smaller than threshold (5)
INFO: [Synth 8-5544] ROM "tick_cnt" won't be mapped to Block RAM because address size (4) smaller than threshold (5)
INFO: [Synth 8-5544] ROM "bit_cnt" won't be mapped to Block RAM because address size (3) smaller than threshold (5)
INFO: [Synth 8-5544] ROM "uart_tx" won't be mapped to Block RAM because address size (3) smaller than threshold (5)
INFO: [Synth 8-5544] ROM "state" won't be mapped to Block RAM because address size (3) smaller than threshold (5)
INFO: [Synth 8-802] inferred FSM for state register 'state_reg' in module 'uart_rx'
INFO: [Synth 8-5544] ROM "state" won't be mapped to Block RAM because address size (4) smaller than threshold (5)
INFO: [Synth 8-5544] ROM "state" won't be mapped to Block RAM because address size (3) smaller than threshold (5)
INFO: [Synth 8-5544] ROM "state" won't be mapped to Block RAM because address size (4) smaller than threshold (5)
INFO: [Synth 8-5544] ROM "tick_cnt" won't be mapped to Block RAM because address size (4) smaller than threshold (5)
INFO: [Synth 8-5544] ROM "bit_cnt" won't be mapped to Block RAM because address size (3) smaller than threshold (5)
INFO: [Synth 8-5544] ROM "state" won't be mapped to Block RAM because address size (1) smaller than threshold (5)
---------------------------------------------------------------------------------------------------
                   State |                     New Encoding |                Previous Encoding 
---------------------------------------------------------------------------------------------------
                    IDLE |                              000 |                              000
               WAIT_FIFO |                              001 |                              001
                     POP |                              010 |                              010
                   START |                              011 |                              011
                    DATA |                              100 |                              100
                    STOP |                              101 |                              101
---------------------------------------------------------------------------------------------------
INFO: [Synth 8-3354] encoded FSM with state register 'state_reg' using encoding 'sequential' in module 'uart_tx'
---------------------------------------------------------------------------------------------------
                   State |                     New Encoding |                Previous Encoding 
---------------------------------------------------------------------------------------------------
                    IDLE |                               00 |                               00
                   START |                               01 |                               01
                    DATA |                               10 |                               10
                    STOP |                               11 |                               11
---------------------------------------------------------------------------------------------------
INFO: [Synth 8-3354] encoded FSM with state register 'state_reg' using encoding 'sequential' in module 'uart_rx'
---------------------------------------------------------------------------------
Finished RTL Optimization Phase 2 : Time (s): cpu = 00:00:16 ; elapsed = 00:00:38 . Memory (MB): peak = 1892.406 ; gain = 487.906 ; free physical = 167 ; free virtual = 7815
---------------------------------------------------------------------------------

Report RTL Partitions: 
+-+--------------+------------+----------+
| |RTL Partition |Replication |Instances |
+-+--------------+------------+----------+
+-+--------------+------------+----------+
---------------------------------------------------------------------------------
Start RTL Component Statistics 
---------------------------------------------------------------------------------
Detailed RTL Component Info : 
+---Adders : 
	   2 Input     16 Bit       Adders := 2     
	   2 Input      5 Bit       Adders := 4     
	   2 Input      4 Bit       Adders := 2     
	   2 Input      3 Bit       Adders := 2     
+---XORs : 
	   2 Input      5 Bit         XORs := 4     
+---Registers : 
	               16 Bit    Registers := 1     
	                8 Bit    Registers := 37    
	                5 Bit    Registers := 16    
	                4 Bit    Registers := 2     
	                3 Bit    Registers := 2     
	                1 Bit    Registers := 7     
+---Muxes : 
	   2 Input     16 Bit        Muxes := 2     
	   6 Input      8 Bit        Muxes := 1     
	   2 Input      4 Bit        Muxes := 3     
	   6 Input      4 Bit        Muxes := 1     
	   4 Input      4 Bit        Muxes := 1     
	   6 Input      3 Bit        Muxes := 2     
	   4 Input      3 Bit        Muxes := 1     
	   4 Input      2 Bit        Muxes := 1     
	   2 Input      2 Bit        Muxes := 2     
	   2 Input      1 Bit        Muxes := 41    
	   3 Input      1 Bit        Muxes := 4     
	   6 Input      1 Bit        Muxes := 7     
	   4 Input      1 Bit        Muxes := 6     
---------------------------------------------------------------------------------
Finished RTL Component Statistics 
---------------------------------------------------------------------------------
---------------------------------------------------------------------------------
Start RTL Hierarchical Component Statistics 
---------------------------------------------------------------------------------
Hierarchical RTL Component report 
Module baud_rate_gen 
Detailed RTL Component Info : 
+---Adders : 
	   2 Input     16 Bit       Adders := 2     
+---Registers : 
	               16 Bit    Registers := 1     
	                1 Bit    Registers := 1     
+---Muxes : 
	   2 Input     16 Bit        Muxes := 2     
Module async_fifo 
Detailed RTL Component Info : 
+---Adders : 
	   2 Input      5 Bit       Adders := 2     
+---XORs : 
	   2 Input      5 Bit         XORs := 2     
+---Registers : 
	                8 Bit    Registers := 17    
	                5 Bit    Registers := 8     
+---Muxes : 
	   2 Input      1 Bit        Muxes := 16    
Module uart_tx 
Detailed RTL Component Info : 
+---Adders : 
	   2 Input      4 Bit       Adders := 1     
	   2 Input      3 Bit       Adders := 1     
+---Registers : 
	                8 Bit    Registers := 1     
	                4 Bit    Registers := 1     
	                3 Bit    Registers := 1     
	                1 Bit    Registers := 2     
+---Muxes : 
	   6 Input      8 Bit        Muxes := 1     
	   2 Input      4 Bit        Muxes := 1     
	   6 Input      4 Bit        Muxes := 1     
	   6 Input      3 Bit        Muxes := 2     
	   2 Input      1 Bit        Muxes := 2     
	   3 Input      1 Bit        Muxes := 2     
	   6 Input      1 Bit        Muxes := 7     
Module uart_rx 
Detailed RTL Component Info : 
+---Adders : 
	   2 Input      4 Bit       Adders := 1     
	   2 Input      3 Bit       Adders := 1     
+---Registers : 
	                8 Bit    Registers := 2     
	                4 Bit    Registers := 1     
	                3 Bit    Registers := 1     
	                1 Bit    Registers := 4     
+---Muxes : 
	   2 Input      4 Bit        Muxes := 2     
	   4 Input      4 Bit        Muxes := 1     
	   4 Input      3 Bit        Muxes := 1     
	   4 Input      2 Bit        Muxes := 1     
	   2 Input      2 Bit        Muxes := 2     
	   2 Input      1 Bit        Muxes := 7     
	   3 Input      1 Bit        Muxes := 2     
	   4 Input      1 Bit        Muxes := 6     
---------------------------------------------------------------------------------
Finished RTL Hierarchical Component Statistics
---------------------------------------------------------------------------------
---------------------------------------------------------------------------------
Start Part Resource Summary
---------------------------------------------------------------------------------
Part Resources:
DSPs: 90 (col length:60)
BRAMs: 100 (col length: RAMB18 60 RAMB36 30)
---------------------------------------------------------------------------------
Finished Part Resource Summary
---------------------------------------------------------------------------------
---------------------------------------------------------------------------------
Start Cross Boundary and Area Optimization
---------------------------------------------------------------------------------
Warning: Parallel synthesis criteria is not met 
---------------------------------------------------------------------------------
Finished Cross Boundary and Area Optimization : Time (s): cpu = 00:00:18 ; elapsed = 00:00:40 . Memory (MB): peak = 1892.406 ; gain = 487.906 ; free physical = 175 ; free virtual = 7825
---------------------------------------------------------------------------------

Report RTL Partitions: 
+-+--------------+------------+----------+
| |RTL Partition |Replication |Instances |
+-+--------------+------------+----------+
+-+--------------+------------+----------+
---------------------------------------------------------------------------------
Start Applying XDC Timing Constraints
---------------------------------------------------------------------------------
---------------------------------------------------------------------------------
Finished Applying XDC Timing Constraints : Time (s): cpu = 00:00:25 ; elapsed = 00:00:52 . Memory (MB): peak = 1892.406 ; gain = 487.906 ; free physical = 139 ; free virtual = 7752
---------------------------------------------------------------------------------
---------------------------------------------------------------------------------
Start Timing Optimization
---------------------------------------------------------------------------------
---------------------------------------------------------------------------------
Finished Timing Optimization : Time (s): cpu = 00:00:26 ; elapsed = 00:00:53 . Memory (MB): peak = 1892.406 ; gain = 487.906 ; free physical = 148 ; free virtual = 7753
---------------------------------------------------------------------------------

Report RTL Partitions: 
+-+--------------+------------+----------+
| |RTL Partition |Replication |Instances |
+-+--------------+------------+----------+
+-+--------------+------------+----------+
---------------------------------------------------------------------------------
Start Technology Mapping
---------------------------------------------------------------------------------
---------------------------------------------------------------------------------
Finished Technology Mapping : Time (s): cpu = 00:00:26 ; elapsed = 00:00:53 . Memory (MB): peak = 1892.406 ; gain = 487.906 ; free physical = 148 ; free virtual = 7732
---------------------------------------------------------------------------------

Report RTL Partitions: 
+-+--------------+------------+----------+
| |RTL Partition |Replication |Instances |
+-+--------------+------------+----------+
+-+--------------+------------+----------+
---------------------------------------------------------------------------------
Start IO Insertion
---------------------------------------------------------------------------------
---------------------------------------------------------------------------------
Start Flattening Before IO Insertion
---------------------------------------------------------------------------------
---------------------------------------------------------------------------------
Finished Flattening Before IO Insertion
---------------------------------------------------------------------------------
---------------------------------------------------------------------------------
Start Final Netlist Cleanup
---------------------------------------------------------------------------------
---------------------------------------------------------------------------------
Finished Final Netlist Cleanup
---------------------------------------------------------------------------------
---------------------------------------------------------------------------------
Finished IO Insertion : Time (s): cpu = 00:00:27 ; elapsed = 00:00:54 . Memory (MB): peak = 1892.406 ; gain = 487.906 ; free physical = 122 ; free virtual = 7706
---------------------------------------------------------------------------------

Report Check Netlist: 
+------+------------------+-------+---------+-------+------------------+
|      |Item              |Errors |Warnings |Status |Description       |
+------+------------------+-------+---------+-------+------------------+
|1     |multi_driven_nets |      0|        0|Passed |Multi driven nets |
+------+------------------+-------+---------+-------+------------------+
---------------------------------------------------------------------------------
Start Renaming Generated Instances
---------------------------------------------------------------------------------
---------------------------------------------------------------------------------
Finished Renaming Generated Instances : Time (s): cpu = 00:00:27 ; elapsed = 00:00:54 . Memory (MB): peak = 1892.406 ; gain = 487.906 ; free physical = 122 ; free virtual = 7706
---------------------------------------------------------------------------------

Report RTL Partitions: 
+-+--------------+------------+----------+
| |RTL Partition |Replication |Instances |
+-+--------------+------------+----------+
+-+--------------+------------+----------+
---------------------------------------------------------------------------------
Start Rebuilding User Hierarchy
---------------------------------------------------------------------------------
---------------------------------------------------------------------------------
Finished Rebuilding User Hierarchy : Time (s): cpu = 00:00:28 ; elapsed = 00:00:55 . Memory (MB): peak = 1892.406 ; gain = 487.906 ; free physical = 122 ; free virtual = 7707
---------------------------------------------------------------------------------
---------------------------------------------------------------------------------
Start Renaming Generated Ports
---------------------------------------------------------------------------------
---------------------------------------------------------------------------------
Finished Renaming Generated Ports : Time (s): cpu = 00:00:28 ; elapsed = 00:00:55 . Memory (MB): peak = 1892.406 ; gain = 487.906 ; free physical = 122 ; free virtual = 7707
---------------------------------------------------------------------------------
---------------------------------------------------------------------------------
Start Handling Custom Attributes
---------------------------------------------------------------------------------
---------------------------------------------------------------------------------
Finished Handling Custom Attributes : Time (s): cpu = 00:00:28 ; elapsed = 00:00:55 . Memory (MB): peak = 1892.406 ; gain = 487.906 ; free physical = 122 ; free virtual = 7707
---------------------------------------------------------------------------------
---------------------------------------------------------------------------------
Start Renaming Generated Nets
---------------------------------------------------------------------------------
---------------------------------------------------------------------------------
Finished Renaming Generated Nets : Time (s): cpu = 00:00:28 ; elapsed = 00:00:55 . Memory (MB): peak = 1892.406 ; gain = 487.906 ; free physical = 122 ; free virtual = 7707
---------------------------------------------------------------------------------
---------------------------------------------------------------------------------
Start Writing Synthesis Report
---------------------------------------------------------------------------------

Report BlackBoxes: 
+-+--------------+----------+
| |BlackBox name |Instances |
+-+--------------+----------+
+-+--------------+----------+

Report Cell Usage: 
+------+-------+------+
|      |Cell   |Count |
+------+-------+------+
|1     |BUFG   |     2|
|2     |CARRY4 |    10|
|3     |LUT1   |    21|
|4     |LUT2   |    40|
|5     |LUT3   |    12|
|6     |LUT4   |    37|
|7     |LUT5   |    22|
|8     |LUT6   |   124|
|9     |MUXF7  |    16|
|10    |MUXF8  |     8|
|11    |FDCE   |   158|
|12    |FDPE   |     4|
|13    |FDRE   |   256|
|14    |IBUF   |    31|
|15    |OBUF   |    11|
+------+-------+------+

Report Instance Areas: 
+------+-------------+--------------+------+
|      |Instance     |Module        |Cells |
+------+-------------+--------------+------+
|1     |top          |              |   752|
|2     |  u_baud_gen |baud_rate_gen |    76|
|3     |  u_rx_fifo  |async_fifo    |   254|
|4     |  u_rx_fsm   |uart_rx       |    55|
|5     |  u_tx_fifo  |async_fifo_0  |   275|
|6     |  u_tx_fsm   |uart_tx       |    48|
+------+-------------+--------------+------+
---------------------------------------------------------------------------------
Finished Writing Synthesis Report : Time (s): cpu = 00:00:28 ; elapsed = 00:00:55 . Memory (MB): peak = 1892.406 ; gain = 487.906 ; free physical = 122 ; free virtual = 7707
---------------------------------------------------------------------------------
Synthesis finished with 0 errors, 0 critical warnings and 0 warnings.
Synthesis Optimization Runtime : Time (s): cpu = 00:00:18 ; elapsed = 00:00:27 . Memory (MB): peak = 1892.406 ; gain = 130.500 ; free physical = 172 ; free virtual = 7757
Synthesis Optimization Complete : Time (s): cpu = 00:00:28 ; elapsed = 00:00:55 . Memory (MB): peak = 1892.406 ; gain = 487.906 ; free physical = 184 ; free virtual = 7769
INFO: [Project 1-571] Translating synthesized netlist
INFO: [Netlist 29-17] Analyzing 65 Unisim elements for replacement
INFO: [Netlist 29-28] Unisim Transformation completed in 0 CPU seconds
INFO: [Project 1-570] Preparing netlist for logic optimization
Parsing XDC File [/home/hash/Projects/Config_Baud_UART_Tranciever/constraints.xdc]
Finished Parsing XDC File [/home/hash/Projects/Config_Baud_UART_Tranciever/constraints.xdc]
INFO: [Opt 31-138] Pushed 0 inverter(s) to 0 load pin(s).
INFO: [Project 1-111] Unisim Transformation Summary:
No Unisim elements were transformed.

INFO: [Common 17-83] Releasing license: Synthesis
38 Infos, 2 Warnings, 0 Critical Warnings and 0 Errors encountered.
synth_design completed successfully
synth_design: Time (s): cpu = 00:00:31 ; elapsed = 00:00:57 . Memory (MB): peak = 1892.406 ; gain = 500.484 ; free physical = 184 ; free virtual = 7760
# file mkdir reports
# report_timing_summary -file reports/timing_summary.rpt
INFO: [Timing 38-35] Done setting XDC timing constraints.
INFO: [Timing 38-91] UpdateTimingParams: Speed grade: -1, Delay Type: min_max.
INFO: [Timing 38-191] Multithreading enabled for timing update using a maximum of 8 CPUs
report_timing_summary: Time (s): cpu = 00:00:10 ; elapsed = 00:00:32 . Memory (MB): peak = 2300.645 ; gain = 408.238 ; free physical = 143 ; free virtual = 7404
# report_utilization -file reports/utilization.rpt
report_utilization: Time (s): cpu = 00:00:00.05 ; elapsed = 00:00:00.13 . Memory (MB): peak = 2300.645 ; gain = 0.000 ; free physical = 141 ; free virtual = 7401
# puts "Synthesis completed successfully!"
Synthesis completed successfully!
INFO: [Common 17-206] Exiting Vivado at Sun Sep 13 14:07:05 2026...
